// Vitest Snapshot v1

exports[`Home component > matches the snapshot 1`] = `"<main class=\\"flex flex-col h-screen p-10\\"><h1>Cinco</h1><a class=\\"block w-full bg-light text-dark\\" href=\\"/game\\">Start New Game</a><a class=\\"block w-full bg-light text-dark\\" href=\\"/continue\\">Continue Game</a></main>"`;
